10:12:21 **** Build of configuration Debug for project PL2PS_DMA_Test_bsp_xaxidma_example_simple_intr_1 ****
make pre-build main-build 
a9-linaro-pre-build-step
' '
'Building file: ../src/xaxidma_example_simple_intr.c'
'Invoking: ARM v7 gcc compiler'
arm-none-eabi-gcc -Wall -O0 -g3 -c -fmessage-length=0 -MT"src/xaxidma_example_simple_intr.o" -mcpu=cortex-a9 -mfpu=vfpv3 -mfloat-abi=hard -I../../PL2PS_DMA_Test_bsp/ps7_cortexa9_0/include -MMD -MP -MF"src/xaxidma_example_simple_intr.d" -MT"src/xaxidma_example_simple_intr.o" -o "src/xaxidma_example_simple_intr.o" "../src/xaxidma_example_simple_intr.c"
../src/xaxidma_example_simple_intr.c:119:2: warning: #warning CHECK FOR THE VALID DDR ADDRESS IN XPARAMETERS.H, DEFAULT SET TO 0x01000000 [-Wcpp]
 #warning CHECK FOR THE VALID DDR ADDRESS IN XPARAMETERS.H, \
  ^~~~~~~
'Finished building: ../src/xaxidma_example_simple_intr.c'
' '
'Building target: PL2PS_DMA_Test_bsp_xaxidma_example_simple_intr_1.elf'
'Invoking: ARM v7 gcc linker'
arm-none-eabi-gcc -mcpu=cortex-a9 -mfpu=vfpv3 -mfloat-abi=hard -Wl,-build-id=none -specs=Xilinx.spec -Wl,-T -Wl,../src/lscript.ld -L../../PL2PS_DMA_Test_bsp/ps7_cortexa9_0/lib -o "PL2PS_DMA_Test_bsp_xaxidma_example_simple_intr_1.elf"  ./src/xaxidma_example_simple_intr.o   -Wl,--start-group,-lxil,-lgcc,-lc,--end-group
'Finished building target: PL2PS_DMA_Test_bsp_xaxidma_example_simple_intr_1.elf'
' '
'Invoking: ARM v7 Print Size'
arm-none-eabi-size PL2PS_DMA_Test_bsp_xaxidma_example_simple_intr_1.elf  |tee "PL2PS_DMA_Test_bsp_xaxidma_example_simple_intr_1.elf.size"
   text	   data	    bss	    dec	    hex	filename
  39312	   3828	  24536	  67676	  1085c	PL2PS_DMA_Test_bsp_xaxidma_example_simple_intr_1.elf
'Finished building: PL2PS_DMA_Test_bsp_xaxidma_example_simple_intr_1.elf.size'
' '

10:12:24 Build Finished (took 3s.167ms)

