#-----------------------------------------------------------
# Vivado v2017.4 (64-bit)
# SW Build 2086221 on Fri Dec 15 20:55:39 MST 2017
# IP Build 2085800 on Fri Dec 15 22:25:07 MST 2017
# Start of session at: Sun Nov 24 14:47:53 2019
# Process ID: 11628
# Current directory: C:/Users/DELL/Desktop/glitchfilter_4_4_2gate_dmatimeout2/Miz_sys
# Command line: vivado.exe -gui_launcher_event rodinguilauncherevent16276 C:\Users\DELL\Desktop\glitchfilter_4_4_2gate_dmatimeout2\Miz_sys\Miz_sys.xpr
# Log file: C:/Users/DELL/Desktop/glitchfilter_4_4_2gate_dmatimeout2/Miz_sys/vivado.log
# Journal file: C:/Users/DELL/Desktop/glitchfilter_4_4_2gate_dmatimeout2/Miz_sys\vivado.jou
#-----------------------------------------------------------
start_gui
open_project C:/Users/DELL/Desktop/glitchfilter_4_4_2gate_dmatimeout2/Miz_sys/Miz_sys.xpr
update_compile_order -fileset sources_1
launch_sdk -workspace C:/Users/DELL/Desktop/glitchfilter_4_4_2gate_dmatimeout2/Miz_sys/Miz_sys.sdk -hwspec C:/Users/DELL/Desktop/glitchfilter_4_4_2gate_dmatimeout2/Miz_sys/Miz_sys.sdk/system_wrapper.hdf
